// Jest Snapshot v1, https://goo.gl/fbAQLP

exports[`About component Matches snapshot DOM node stucture 1`] = `
<DocumentFragment>
  <section
    class="my-5"
  >
    <h1
      id="about"
    >
      Who Am I?
    </h1>
    <img
      alt="cover"
      class="my-2"
      src="cover-image.jpg"
      style="width: 100%;"
    />
  </section>
</DocumentFragment>
`;

exports[`Nav component Matches snapshot DOM node stucture 1`] = `
<DocumentFragment>
  <header>
    <h2>
      <a
        data-testid="link"
        href="/"
      >
        <span
          aria-label="camera"
          role="img"
        >
           ðŸ“¸
        </span>
         Oh Snap!
      </a>
    </h2>
    <nav>
      <ul
        class="flex-row"
      >
        <li
          class="mx-2"
        >
          <a
            data-testid="about"
            href="#about"
          >
            About Me
          </a>
        </li>
        <li>
          <span>
            Contact
          </span>
        </li>
        <li
          class="mx-1"
        >
          <span>
            commercial
          </span>
        </li>
        <li
          class="mx-1"
        >
          <span>
            portraits
          </span>
        </li>
        <li
          class="mx-1"
        >
          <span>
            food
          </span>
        </li>
        <li
          class="mx-1"
        >
          <span>
            landscape
          </span>
        </li>
      </ul>
    </nav>
  </header>
</DocumentFragment>
`;
